// Jest Snapshot v1, https://goo.gl/fbAQLP

exports[`Snapshot tests ProductListItem Component 1`] = `[Function]`;
